
Memory Configuration

Name             Origin             Length             Attributes
flash            0x00000000         0x20000000         xr
sram             0x20000000         0x20000000         xrw
*default*        0x00000000         0xffffffff

Linker script and memory map


.TEXT           0x00000000      0x124
 *(.vectors*)
 .vectors       0x00000000       0x10 startup.o
                0x00000000                g_p_fn_vectors
 *(.text*)
 .text          0x00000010       0x84 main.o
                0x00000010                main
 .text          0x00000094       0x90 startup.o
                0x00000094                H_fault_Handler
                0x00000094                Default_Handler
                0x00000094                NMI_Handler
                0x000000a0                Reset_Handler
 *(.rodata)
                0x00000124                _E_text = .

.glue_7         0x00000124        0x0
 .glue_7        0x00000124        0x0 linker stubs

.glue_7t        0x00000124        0x0
 .glue_7t       0x00000124        0x0 linker stubs

.vfp11_veneer   0x00000124        0x0
 .vfp11_veneer  0x00000124        0x0 linker stubs

.v4_bx          0x00000124        0x0
 .v4_bx         0x00000124        0x0 linker stubs

.iplt           0x00000124        0x0
 .iplt          0x00000124        0x0 startup.o

.rel.dyn        0x00000124        0x0
 .rel.iplt      0x00000124        0x0 startup.o

.data           0x20000000        0x0 load address 0x00000124
                0x20000000                _S_DATA = .
 *(.data)
 .data          0x20000000        0x0 main.o
 .data          0x20000000        0x0 startup.o
                0x20000000                . = ALIGN (0x4)
                0x20000000                _E_DATA = .

.igot.plt       0x20000000        0x0 load address 0x00000124
 .igot.plt      0x20000000        0x0 startup.o

.bss            0x20000000      0x400 load address 0x00000124
                0x20000000                _S_bss = .
 *(.bss*)
 .bss           0x20000000        0x0 main.o
 .bss           0x20000000      0x400 startup.o
                0x20000400                _E_bss = .
LOAD main.o
LOAD startup.o
OUTPUT(unit3_lab3_cortexM4.elf elf32-littlearm)
LOAD linker stubs

.debug_info     0x00000000      0x21b
 .debug_info    0x00000000       0x67 main.o
 .debug_info    0x00000067      0x1b4 startup.o

.debug_abbrev   0x00000000      0x146
 .debug_abbrev  0x00000000       0x5e main.o
 .debug_abbrev  0x0000005e       0xe8 startup.o

.debug_loc      0x00000000       0xb4
 .debug_loc     0x00000000       0x38 main.o
 .debug_loc     0x00000038       0x7c startup.o

.debug_aranges  0x00000000       0x40
 .debug_aranges
                0x00000000       0x20 main.o
 .debug_aranges
                0x00000020       0x20 startup.o

.debug_line     0x00000000      0x157
 .debug_line    0x00000000       0x9c main.o
 .debug_line    0x0000009c       0xbb startup.o

.debug_str      0x00000000      0x1aa
 .debug_str     0x00000000       0xd4 main.o
                                 0xe6 (size before relaxing)
 .debug_str     0x000000d4       0xd6 startup.o
                                0x1c6 (size before relaxing)

.comment        0x00000000       0x49
 .comment       0x00000000       0x49 main.o
                                 0x4a (size before relaxing)
 .comment       0x00000049       0x4a startup.o

.ARM.attributes
                0x00000000       0x2e
 .ARM.attributes
                0x00000000       0x2e main.o
 .ARM.attributes
                0x0000002e       0x2e startup.o

.debug_frame    0x00000000       0x7c
 .debug_frame   0x00000000       0x2c main.o
 .debug_frame   0x0000002c       0x50 startup.o
