
Memory Configuration

Name             Origin             Length             Attributes
flash            0x08000000         0x00020000         xr
sram             0x20000000         0x00005000         xrw
*default*        0x00000000         0xffffffff

Linker script and memory map


.TEXT           0x08000000      0x14f
 *(.vectors*)
 .vectors       0x08000000       0x60 startup.o
 .vectors       0x08000060       0x60 startup.o
 *(.text*)
 .text          0x080000c0       0x7c main.o
                0x080000c0                main
 .text          0x0800013c        0x8 startup.o
 .text          0x08000144        0x8 startup.o
 *(.rodata)
 .rodata        0x0800014c        0x3 main.o
                0x0800014c                const_variables

.glue_7         0x08000150        0x0
 .glue_7        0x08000150        0x0 linker stubs

.glue_7t        0x08000150        0x0
 .glue_7t       0x08000150        0x0 linker stubs

.vfp11_veneer   0x08000150        0x0
 .vfp11_veneer  0x08000150        0x0 linker stubs

.v4_bx          0x08000150        0x0
 .v4_bx         0x08000150        0x0 linker stubs

.iplt           0x08000150        0x0
 .iplt          0x08000150        0x0 main.o

.rel.dyn        0x08000150        0x0
 .rel.iplt      0x08000150        0x0 main.o

.data           0x08000150        0x7
 *(.data)
 .data          0x08000150        0x7 main.o
                0x08000150                R_ODR
                0x08000154                g_variables
 .data          0x08000157        0x0 startup.o
 .data          0x08000157        0x0 startup.o

.igot.plt       0x08000158        0x0
 .igot.plt      0x08000158        0x0 main.o

.bss            0x20000000        0x0
 *(.bss)
 .bss           0x20000000        0x0 main.o
 .bss           0x20000000        0x0 startup.o
 .bss           0x20000000        0x0 startup.o
LOAD main.o
LOAD startup.o
LOAD startup.o
OUTPUT(learn-in-depth-cortex-m3.elf elf32-littlearm)
LOAD linker stubs

.debug_info     0x00000000      0x1f9
 .debug_info    0x00000000      0x1ad main.o
 .debug_info    0x000001ad       0x26 startup.o
 .debug_info    0x000001d3       0x26 startup.o

.debug_abbrev   0x00000000      0x131
 .debug_abbrev  0x00000000      0x109 main.o
 .debug_abbrev  0x00000109       0x14 startup.o
 .debug_abbrev  0x0000011d       0x14 startup.o

.debug_loc      0x00000000       0x38
 .debug_loc     0x00000000       0x38 main.o

.debug_aranges  0x00000000       0x60
 .debug_aranges
                0x00000000       0x20 main.o
 .debug_aranges
                0x00000020       0x20 startup.o
 .debug_aranges
                0x00000040       0x20 startup.o

.debug_line     0x00000000      0x167
 .debug_line    0x00000000       0xf1 main.o
 .debug_line    0x000000f1       0x3b startup.o
 .debug_line    0x0000012c       0x3b startup.o

.debug_str      0x00000000      0x184
 .debug_str     0x00000000      0x16c main.o
                                0x1a9 (size before relaxing)
 .debug_str     0x0000016c       0x18 startup.o
                                 0x6c (size before relaxing)
 .debug_str     0x00000184       0x6c startup.o

.comment        0x00000000       0x49
 .comment       0x00000000       0x49 main.o
                                 0x4a (size before relaxing)

.ARM.attributes
                0x00000000       0x2b
 .ARM.attributes
                0x00000000       0x2d main.o
 .ARM.attributes
                0x0000002d       0x21 startup.o
 .ARM.attributes
                0x0000004e       0x21 startup.o

.debug_frame    0x00000000       0x2c
 .debug_frame   0x00000000       0x2c main.o
